\BOOKMARK [0][-]{chapter.1}{\376\377\000A\000\040\000n\000e\000u\000r\000o\000n\000o\000k\000\040\000t\000e\000r\000m\000o\000d\000i\000n\000a\000m\000i\000k\000\341\000j\000a}{}% 1
\BOOKMARK [1][-]{section.1.1}{\376\377\000T\000e\000r\000m\000o\000d\000i\000n\000a\000m\000i\000k\000u\000s\000\040\000t\000\351\000r}{chapter.1}% 2
\BOOKMARK [0][-]{chapter.2}{\376\377\000S\000p\000e\000c\000u\000l\000a\000t\000i\000o\000n\000s}{}% 3
\BOOKMARK [1][-]{section.2.1}{\376\377\000C\000e\000l\000l\000\040\000p\000r\000e\000s\000s\000u\000r\000e}{chapter.2}% 4
\BOOKMARK [0][-]{chapter.3}{\376\377\000A\000\040\000n\000e\000u\000r\000o\000n\000o\000k\000\040\000e\000l\000e\000k\000t\000r\000o\000m\000o\000s\000s\000\341\000g\000t\000a\000n\000a}{}% 5
\BOOKMARK [1][-]{section.3.1}{\376\377\000M\000i\000\351\000r\000t\000\040\000m\000\341\000s}{chapter.3}% 6
\BOOKMARK [1][-]{section.3.2}{\376\377\000C\000o\000n\000c\000e\000p\000t\000s}{chapter.3}% 7
\BOOKMARK [2][-]{subsection.3.2.1}{\376\377\000T\000\366\000l\000t\000\351\000s}{section.3.2}% 8
\BOOKMARK [2][-]{subsection.3.2.2}{\376\377\000E\000r\001\121\000t\000\351\000r}{section.3.2}% 9
\BOOKMARK [2][-]{subsection.3.2.3}{\376\377\000F\000e\000s\000z\000\374\000l\000t\000s\000\351\000g}{section.3.2}% 10
\BOOKMARK [2][-]{subsection.3.2.4}{\376\377\000\301\000r\000a\000m}{section.3.2}% 11
\BOOKMARK [2][-]{subsection.3.2.5}{\376\377\000C\000o\000n\000d\000e\000n\000s\000e\000r}{section.3.2}% 12
\BOOKMARK [2][-]{subsection.3.2.6}{\376\377\000R\000e\000s\000i\000s\000t\000o\000r}{section.3.2}% 13
\BOOKMARK [1][-]{section.3.3}{\376\377\000A\000\040\000m\000e\000m\000b\000r\000\341\000n\000\040\000e\000l\000e\000k\000t\000r\000o\000m\000o\000s\000s\000\341\000g\000t\000a\000n\000a}{chapter.3}% 14
\BOOKMARK [2][-]{subsection.3.3.1}{\376\377\000E\000l\000e\000k\000t\000r\000o\000l\000i\000t\000o\000k}{section.3.3}% 15
\BOOKMARK [2][-]{subsection.3.3.2}{\376\377\000M\000e\000m\000b\000r\000\341\000n\000\040\000e\000l\000e\000k\000t\000r\000o\000l\000i\000t\000b\000a\000n}{section.3.3}% 16
\BOOKMARK [2][-]{subsection.3.3.3}{\376\377\000I\000n\000h\000o\000m\000o\000g\000e\000n\000e\000i\000t\000i\000e\000s}{section.3.3}% 17
\BOOKMARK [2][-]{subsection.3.3.4}{\376\377\000F\000o\000r\000c\000e\000\040\000a\000n\000a\000l\000y\000z\000i\000s}{section.3.3}% 18
\BOOKMARK [2][-]{subsection.3.3.5}{\376\377\000O\000n\000e\000\040\000s\000e\000g\000m\000e\000n\000t}{section.3.3}% 19
\BOOKMARK [2][-]{subsection.3.3.6}{\376\377\000T\000w\000o\000\040\000s\000e\000g\000m\000e\000n\000t\000s}{section.3.3}% 20
\BOOKMARK [2][-]{subsection.3.3.7}{\376\377\000C\000h\000a\000r\000g\000e\000\040\000l\000a\000y\000e\000r\000s\000\040\000i\000n\000\040\000s\000e\000g\000m\000e\000n\000t\000s}{section.3.3}% 21
\BOOKMARK [2][-]{subsection.3.3.8}{\376\377\000B\000r\000i\000d\000g\000i\000n\000g\000\040\000t\000h\000e\000\040\000m\000i\000c\000r\000o\000-\000\040\000a\000n\000d\000\040\000m\000a\000c\000r\000o\000\040\000v\000i\000e\000w\000s}{section.3.3}% 22
\BOOKMARK [1][-]{section.3.4}{\376\377\000F\000o\000r\000m\000i\000n\000g\000\040\000m\000e\000m\000b\000r\000a\000n\000e\000'\000s\000\040\000p\000o\000t\000e\000n\000t\000i\000a\000l}{chapter.3}% 23
\BOOKMARK [2][-]{subsection.3.4.1}{\376\377\000S\000t\000a\000t\000e\000s}{section.3.4}% 24
\BOOKMARK [2][-]{subsection.3.4.2}{\376\377\000C\000o\000n\000t\000r\000o\000l\000l\000i\000n\000g\000\040\000s\000t\000a\000t\000e\000s}{section.3.4}% 25
\BOOKMARK [2][-]{subsection.3.4.3}{\376\377\000G\000o\000l\000d\000m\000a\000n\000-\000H\000o\000d\000g\000k\000i\000n\000-\000K\000a\000t\000z\000\040\000p\000o\000t\000e\000n\000t\000i\000a\000l}{section.3.4}% 26
\BOOKMARK [0][-]{chapter.4}{\376\377\000T\000\351\000v\000h\000i\000t\000e\000k\000\040\000a\000\040\000n\000e\000u\000r\000o\000n\000o\000k\000r\000\363\000l}{}% 27
\BOOKMARK [1][-]{section.4.1}{\376\377\000A\000\040\000K\000+\000\040\000\341\000r\000a\000m\000\040\000a\000z\000\040\000A\000P\000\040\000f\000o\000l\000y\000a\000m\000\341\000n}{chapter.4}% 28
\BOOKMARK [2][-]{subsection.4.1.1}{\376\377\000A\000\040\000f\000o\000l\000y\000a\000m\000a\000t\000\040\000f\000o\000r\000m\000\341\000l\000i\000s\000\040\000l\000e\000\355\000r\000\341\000s\000a}{section.4.1}% 29
\BOOKMARK [2][-]{subsection.4.1.2}{\376\377\000A\000\040\000f\000o\000l\000y\000a\000m\000a\000t\000\040\000f\000i\000z\000i\000k\000\341\000j\000a}{section.4.1}% 30
\BOOKMARK [1][-]{section.4.2}{\376\377\000A\000\040\000n\000e\000u\000r\000o\000n\000\341\000l\000i\000s\000\040\000r\000e\000z\000g\001\121\000k\000\366\000r\000\040\000i\000d\001\121\000\341\000l\000l\000a\000n\000d\000\363\000i}{chapter.4}% 31
\BOOKMARK [2][-]{subsection.4.2.1}{\376\377\000G\000H\000K\000\040\000e\000g\000y\000e\000n\000l\000e\000t}{section.4.2}% 32
\BOOKMARK [0][-]{chapter.5}{\376\377\000N\000y\000u\000g\000a\000l\000m\000i\000\040\000p\000o\000t\000e\000n\000c\000i\000\341\000l}{}% 33
\BOOKMARK [1][-]{subsection.5.0.1}{\376\377\000T\000h\000e\000r\000m\000o\000d\000y\000n\000a\000m\000i\000c\000\040\000f\000i\000e\000l\000d}{chapter.5}% 34
\BOOKMARK [2][-]{subsection.5.0.2}{\376\377\000C\000h\000a\000r\000g\000e\000\040\000l\000a\000y\000e\000r\000s}{subsection.5.0.1}% 35
\BOOKMARK [2][-]{subsection.5.0.3}{\376\377\000G\000o\000l\000d\000m\000a\000n\000-\000H\000o\000d\000g\000k\000i\000n\000-\000K\000a\000t\000z\000\040\000p\000o\000t\000e\000n\000t\000i\000a\000l}{subsection.5.0.1}% 36
\BOOKMARK [2][-]{subsection.5.0.4}{\376\377\000M\000o\000v\000i\000n\000g\000\040\000i\000n\000\040\000t\000h\000e\000\040\000m\000e\000m\000b\000r\000a\000n\000e\000'\000s\000\040\000p\000o\000t\000e\000n\000t\000i\000a\000l}{subsection.5.0.1}% 37
\BOOKMARK [0][-]{chapter.6}{\376\377\000A\000c\000t\000i\000o\000n\000\040\000P\000o\000t\000e\000n\000t\000i\000a\000l}{}% 38
\BOOKMARK [1][-]{section.6.1}{\376\377\000T\000h\000e\000\040\000p\000h\000y\000s\000i\000c\000a\000l\000\040\000p\000r\000o\000c\000e\000s\000s}{chapter.6}% 39
\BOOKMARK [1][-]{section.6.2}{\376\377\000T\000h\000e\000\040\000o\000s\000c\000i\000l\000l\000a\000t\000o\000r\000\040\000m\000o\000d\000e\000l}{chapter.6}% 40
\BOOKMARK [1][-]{section.6.3}{\376\377\000M\000a\000t\000h\000e\000m\000a\000t\000i\000c\000s\000\040\000o\000f\000\040\000t\000h\000e\000\040\000A\000c\000t\000i\000o\000n\000P\000o\000t\000e\000n\000t\000i\000a\000l}{chapter.6}% 41
\BOOKMARK [0][-]{section*.59}{\376\377\000A\000p\000p\000e\000n\000d\000i\000c\000e\000s}{}% 42
\BOOKMARK [0][-]{appendix*.61}{\376\377\000L\000i\000s\000t\000\040\000o\000f\000\040\000T\000a\000b\000l\000e\000s}{}% 43
\BOOKMARK [0][-]{appendix*.62}{\376\377\000L\000i\000s\000t\000\040\000o\000f\000\040\000F\000i\000g\000u\000r\000e\000s}{}% 44
\BOOKMARK [0][-]{appendix*.62}{\376\377\000I\000n\000d\000e\000x}{}% 45
\BOOKMARK [0][-]{appendix*.63}{\376\377\000G\000l\000o\000s\000s\000a\000r\000y}{}% 46
